fatal error: problem with trace file /home/gtrun/ghq/github.com/Boomboomdunce/zeek-spicy-smtp/test/traces/http.pcap (/home/gtrun/ghq/github.com/Boomboomdunce/zeek-spicy-smtp/test/traces/http.pcap: No such file or directory)
